/Users/wouter/.flutter_sdk/bin/internal/update_engine_version.sh: line 64: /Users/wouter/.flutter_sdk/bin/cache/engine.stamp: Operation not permitted
